stm32wlxx_ll_rcc.h:1129:26:LL_RCC_HSI_IsReady	0	static
stm32wlxx_ll_rcc.h:1335:26:LL_RCC_LSE_IsReady	0	static
stm32wlxx_ll_rcc.h:1410:26:LL_RCC_LSI_IsReady	0	static
stm32wlxx_ll_rcc.h:1497:26:LL_RCC_MSI_IsEnabledRangeSelect	0	static
stm32wlxx_ll_rcc.h:2097:22:LL_RCC_SetI2CClockSource	0	static
stm32wlxx_ll_rcc.h:2120:22:LL_RCC_SetLPTIMClockSource	0	static
stm32wlxx_hal_rcc_ex.c:1166:17:RCC_PLL_GetFreqDomain_Q	8	static
stm32wlxx_hal_rcc_ex.c:114:19:HAL_RCCEx_PeriphCLKConfig	16	static
stm32wlxx_hal_rcc_ex.c:346:6:HAL_RCCEx_GetPeriphCLKConfig	0	static
stm32wlxx_hal_rcc_ex.c:417:10:HAL_RCCEx_GetPeriphCLKFreq	8	static
stm32wlxx_hal_rcc_ex.c:929:6:HAL_RCCEx_WakeUpStopCLKConfig	0	static
stm32wlxx_hal_rcc_ex.c:943:6:HAL_RCCEx_EnableLSECSS	0	static
stm32wlxx_hal_rcc_ex.c:953:6:HAL_RCCEx_DisableLSECSS	0	static
stm32wlxx_hal_rcc_ex.c:969:6:HAL_RCCEx_EnableLSECSS_IT	0	static
stm32wlxx_hal_rcc_ex.c:1004:13:HAL_RCCEx_LSECSS_Callback	0	static
stm32wlxx_hal_rcc_ex.c:989:6:HAL_RCCEx_LSECSS_IRQHandler	8	static
stm32wlxx_hal_rcc_ex.c:1019:6:HAL_RCCEx_EnableLSCO	40	static
stm32wlxx_hal_rcc_ex.c:1057:6:HAL_RCCEx_DisableLSCO	8	static
stm32wlxx_hal_rcc_ex.c:1084:6:HAL_RCCEx_EnableMSIPLLMode	0	static
stm32wlxx_hal_rcc_ex.c:1094:6:HAL_RCCEx_DisableMSIPLLMode	0	static
