stm32wlxx_ll_rcc.h:1060:26:LL_RCC_HSE_IsReady	0	static
stm32wlxx_ll_rcc.h:1129:26:LL_RCC_HSI_IsReady	0	static
stm32wlxx_ll_rcc.h:1448:26:LL_RCC_MSI_IsReady	0	static
stm32wlxx_ll_rcc.h:1595:22:LL_RCC_MSI_SetCalibTrimming	0	static
stm32wlxx_ll_rcc.h:2412:26:LL_RCC_PLL_IsReady	0	static
stm32wlxx_hal_rcc.c:1614:26:RCC_SetFlashLatencyFromMSIRange	32	static
stm32wlxx_hal_rcc.c:224:19:HAL_RCC_DeInit	16	static
stm32wlxx_hal_rcc.c:1187:6:HAL_RCC_MCOConfig	40	static
stm32wlxx_hal_rcc.c:1242:10:HAL_RCC_GetSysClockFreq	8	static
stm32wlxx_hal_rcc.c:1328:10:HAL_RCC_GetHCLKFreq	8	static
stm32wlxx_hal_rcc.c:331:19:HAL_RCC_OscConfig	24	static
stm32wlxx_hal_rcc.c:924:19:HAL_RCC_ClockConfig	24	static
stm32wlxx_hal_rcc.c:1350:10:HAL_RCC_GetHCLK3Freq	8	static
stm32wlxx_hal_rcc.c:1360:10:HAL_RCC_GetPCLK1Freq	8	static
stm32wlxx_hal_rcc.c:1370:10:HAL_RCC_GetPCLK2Freq	8	static
stm32wlxx_hal_rcc.c:1383:6:HAL_RCC_GetOscConfig	0	static
stm32wlxx_hal_rcc.c:1513:6:HAL_RCC_GetClockConfig	0	static
stm32wlxx_hal_rcc.c:1560:6:HAL_RCC_EnableCSS	0	static
stm32wlxx_hal_rcc.c:1587:13:HAL_RCC_CSSCallback	0	static
stm32wlxx_hal_rcc.c:1570:6:HAL_RCC_NMI_IRQHandler	8	static
