Archive member included to satisfy reference by file (symbol)

/home/ashutosh/st/stm32cubeide_1.6.1/plugins/com.st.stm32cube.ide.mcu.externaltools.gnu-tools-for-stm32.9-2020-q2-update.linux64_1.5.0.202011040924/tools/bin/../lib/gcc/arm-none-eabi/9.3.1/../../../../arm-none-eabi/lib/thumb/v7e-m/nofp/libc_nano.a(lib_a-errno.o)
                              Core/Src/syscalls.o (__errno)
/home/ashutosh/st/stm32cubeide_1.6.1/plugins/com.st.stm32cube.ide.mcu.externaltools.gnu-tools-for-stm32.9-2020-q2-update.linux64_1.5.0.202011040924/tools/bin/../lib/gcc/arm-none-eabi/9.3.1/../../../../arm-none-eabi/lib/thumb/v7e-m/nofp/libc_nano.a(lib_a-exit.o)
                              /home/ashutosh/st/stm32cubeide_1.6.1/plugins/com.st.stm32cube.ide.mcu.externaltools.gnu-tools-for-stm32.9-2020-q2-update.linux64_1.5.0.202011040924/tools/bin/../lib/gcc/arm-none-eabi/9.3.1/../../../../arm-none-eabi/lib/thumb/v7e-m/nofp/crt0.o (exit)
/home/ashutosh/st/stm32cubeide_1.6.1/plugins/com.st.stm32cube.ide.mcu.externaltools.gnu-tools-for-stm32.9-2020-q2-update.linux64_1.5.0.202011040924/tools/bin/../lib/gcc/arm-none-eabi/9.3.1/../../../../arm-none-eabi/lib/thumb/v7e-m/nofp/libc_nano.a(lib_a-impure.o)
                              /home/ashutosh/st/stm32cubeide_1.6.1/plugins/com.st.stm32cube.ide.mcu.externaltools.gnu-tools-for-stm32.9-2020-q2-update.linux64_1.5.0.202011040924/tools/bin/../lib/gcc/arm-none-eabi/9.3.1/../../../../arm-none-eabi/lib/thumb/v7e-m/nofp/libc_nano.a(lib_a-exit.o) (_global_impure_ptr)
/home/ashutosh/st/stm32cubeide_1.6.1/plugins/com.st.stm32cube.ide.mcu.externaltools.gnu-tools-for-stm32.9-2020-q2-update.linux64_1.5.0.202011040924/tools/bin/../lib/gcc/arm-none-eabi/9.3.1/../../../../arm-none-eabi/lib/thumb/v7e-m/nofp/libc_nano.a(lib_a-init.o)
                              /home/ashutosh/st/stm32cubeide_1.6.1/plugins/com.st.stm32cube.ide.mcu.externaltools.gnu-tools-for-stm32.9-2020-q2-update.linux64_1.5.0.202011040924/tools/bin/../lib/gcc/arm-none-eabi/9.3.1/../../../../arm-none-eabi/lib/thumb/v7e-m/nofp/crt0.o (__libc_init_array)
/home/ashutosh/st/stm32cubeide_1.6.1/plugins/com.st.stm32cube.ide.mcu.externaltools.gnu-tools-for-stm32.9-2020-q2-update.linux64_1.5.0.202011040924/tools/bin/../lib/gcc/arm-none-eabi/9.3.1/../../../../arm-none-eabi/lib/thumb/v7e-m/nofp/libc_nano.a(lib_a-memset.o)
                              /home/ashutosh/st/stm32cubeide_1.6.1/plugins/com.st.stm32cube.ide.mcu.externaltools.gnu-tools-for-stm32.9-2020-q2-update.linux64_1.5.0.202011040924/tools/bin/../lib/gcc/arm-none-eabi/9.3.1/../../../../arm-none-eabi/lib/thumb/v7e-m/nofp/crt0.o (memset)
/home/ashutosh/st/stm32cubeide_1.6.1/plugins/com.st.stm32cube.ide.mcu.externaltools.gnu-tools-for-stm32.9-2020-q2-update.linux64_1.5.0.202011040924/tools/bin/../lib/gcc/arm-none-eabi/9.3.1/../../../../arm-none-eabi/lib/thumb/v7e-m/nofp/libc_nano.a(lib_a-strlen.o)
                              Core/Src/fonts.o (strlen)

Allocating common symbols
Common symbol       size              file

hi2c2               0x4c              Core/Src/main.o
uwTick              0x4               Drivers/STM32WLxx_HAL_Driver/stm32wlxx_hal.o

Discarded input sections

 .text          0x0000000000000000        0x0 /home/ashutosh/st/stm32cubeide_1.6.1/plugins/com.st.stm32cube.ide.mcu.externaltools.gnu-tools-for-stm32.9-2020-q2-update.linux64_1.5.0.202011040924/tools/bin/../lib/gcc/arm-none-eabi/9.3.1/thumb/v7e-m/nofp/crti.o
 .data          0x0000000000000000        0x0 /home/ashutosh/st/stm32cubeide_1.6.1/plugins/com.st.stm32cube.ide.mcu.externaltools.gnu-tools-for-stm32.9-2020-q2-update.linux64_1.5.0.202011040924/tools/bin/../lib/gcc/arm-none-eabi/9.3.1/thumb/v7e-m/nofp/crti.o
 .bss           0x0000000000000000        0x0 /home/ashutosh/st/stm32cubeide_1.6.1/plugins/com.st.stm32cube.ide.mcu.externaltools.gnu-tools-for-stm32.9-2020-q2-update.linux64_1.5.0.202011040924/tools/bin/../lib/gcc/arm-none-eabi/9.3.1/thumb/v7e-m/nofp/crti.o
 .data          0x0000000000000000        0x4 /home/ashutosh/st/stm32cubeide_1.6.1/plugins/com.st.stm32cube.ide.mcu.externaltools.gnu-tools-for-stm32.9-2020-q2-update.linux64_1.5.0.202011040924/tools/bin/../lib/gcc/arm-none-eabi/9.3.1/thumb/v7e-m/nofp/crtbegin.o
 .text          0x0000000000000000       0x7c /home/ashutosh/st/stm32cubeide_1.6.1/plugins/com.st.stm32cube.ide.mcu.externaltools.gnu-tools-for-stm32.9-2020-q2-update.linux64_1.5.0.202011040924/tools/bin/../lib/gcc/arm-none-eabi/9.3.1/../../../../arm-none-eabi/lib/thumb/v7e-m/nofp/crt0.o
 .data          0x0000000000000000        0x0 /home/ashutosh/st/stm32cubeide_1.6.1/plugins/com.st.stm32cube.ide.mcu.externaltools.gnu-tools-for-stm32.9-2020-q2-update.linux64_1.5.0.202011040924/tools/bin/../lib/gcc/arm-none-eabi/9.3.1/../../../../arm-none-eabi/lib/thumb/v7e-m/nofp/crt0.o
[...]
Memory Configuration

Name             Origin             Length             Attributes
RAM1             0x0000000020000000 0x0000000000008000 xrw
RAM2             0x0000000020008000 0x0000000000008000 xrw
FLASH            0x0000000008000000 0x0000000000040000 xr
*default*        0x0000000000000000 0xffffffffffffffff

Linker script and memory map

LOAD /home/ashutosh/st/stm32cubeide_1.6.1/plugins/com.st.stm32cube.ide.mcu.externaltools.gnu-tools-for-stm32.9-2020-q2-update.linux64_1.5.0.202011040924/tools/bin/../lib/gcc/arm-none-eabi/9.3.1/thumb/v7e-m/nofp/crti.o
LOAD /home/ashutosh/st/stm32cubeide_1.6.1/plugins/com.st.stm32cube.ide.mcu.externaltools.gnu-tools-for-stm32.9-2020-q2-update.linux64_1.5.0.202011040924/tools/bin/../lib/gcc/arm-none-eabi/9.3.1/thumb/v7e-m/nofp/crtbegin.o
LOAD /home/ashutosh/st/stm32cubeide_1.6.1/plugins/com.st.stm32cube.ide.mcu.externaltools.gnu-tools-for-stm32.9-2020-q2-update.linux64_1.5.0.202011040924/tools/bin/../lib/gcc/arm-none-eabi/9.3.1/../../../../arm-none-eabi/lib/thumb/v7e-m/nofp/crt0.o
LOAD Core/Src/fonts.o
LOAD Core/Src/main.o
LOAD Core/Src/ssd1306.o
LOAD Core/Src/stm32wlxx_hal_msp.o
LOAD Core/Src/stm32wlxx_it.o
LOAD Core/Src/syscalls.o
LOAD Core/Src/sysmem.o
LOAD Core/Src/system_stm32wlxx.o
LOAD Core/Startup/startup_stm32wle5jcix.o
LOAD Drivers/STM32WLxx_HAL_Driver/stm32wlxx_hal.o
LOAD Drivers/STM32WLxx_HAL_Driver/stm32wlxx_hal_cortex.o
LOAD Drivers/STM32WLxx_HAL_Driver/stm32wlxx_hal_dma.o
LOAD Drivers/STM32WLxx_HAL_Driver/stm32wlxx_hal_dma_ex.o
LOAD Drivers/STM32WLxx_HAL_Driver/stm32wlxx_hal_exti.o
LOAD Drivers/STM32WLxx_HAL_Driver/stm32wlxx_hal_flash.o
LOAD Drivers/STM32WLxx_HAL_Driver/stm32wlxx_hal_flash_ex.o
LOAD Drivers/STM32WLxx_HAL_Driver/stm32wlxx_hal_gpio.o
LOAD Drivers/STM32WLxx_HAL_Driver/stm32wlxx_hal_i2c.o
LOAD Drivers/STM32WLxx_HAL_Driver/stm32wlxx_hal_i2c_ex.o
LOAD Drivers/STM32WLxx_HAL_Driver/stm32wlxx_hal_pwr.o
LOAD Drivers/STM32WLxx_HAL_Driver/stm32wlxx_hal_pwr_ex.o
LOAD Drivers/STM32WLxx_HAL_Driver/stm32wlxx_hal_rcc.o
LOAD Drivers/STM32WLxx_HAL_Driver/stm32wlxx_hal_rcc_ex.o
LOAD Drivers/STM32WLxx_HAL_Driver/stm32wlxx_hal_tim.o
LOAD Drivers/STM32WLxx_HAL_Driver/stm32wlxx_hal_tim_ex.o
START GROUP
LOAD /home/ashutosh/st/stm32cubeide_1.6.1/plugins/com.st.stm32cube.ide.mcu.externaltools.gnu-tools-for-stm32.9-2020-q2-update.linux64_1.5.0.202011040924/tools/bin/../lib/gcc/arm-none-eabi/9.3.1/../../../../arm-none-eabi/lib/thumb/v7e-m/nofp/libstdc++_nano.a
LOAD /home/ashutosh/st/stm32cubeide_1.6.1/plugins/com.st.stm32cube.ide.mcu.externaltools.gnu-tools-for-stm32.9-2020-q2-update.linux64_1.5.0.202011040924/tools/bin/../lib/gcc/arm-none-eabi/9.3.1/../../../../arm-none-eabi/lib/thumb/v7e-m/nofp/libsupc++_nano.a
END GROUP
LOAD /home/ashutosh/st/stm32cubeide_1.6.1/plugins/com.st.stm32cube.ide.mcu.externaltools.gnu-tools-for-stm32.9-2020-q2-update.linux64_1.5.0.202011040924/tools/bin/../lib/gcc/arm-none-eabi/9.3.1/../../../../arm-none-eabi/lib/thumb/v7e-m/nofp/libstdc++_nano.a
LOAD /home/ashutosh/st/stm32cubeide_1.6.1/plugins/com.st.stm32cube.ide.mcu.externaltools.gnu-tools-for-stm32.9-2020-q2-update.linux64_1.5.0.202011040924/tools/bin/../lib/gcc/arm-none-eabi/9.3.1/../../../../arm-none-eabi/lib/thumb/v7e-m/nofp/libm.a
LOAD /home/ashutosh/st/stm32cubeide_1.6.1/plugins/com.st.stm32cube.ide.mcu.externaltools.gnu-tools-for-stm32.9-2020-q2-update.linux64_1.5.0.202011040924/tools/bin/../lib/gcc/arm-none-eabi/9.3.1/../../../../arm-none-eabi/lib/thumb/v7e-m/nofp/libc_nano.a
START GROUP
LOAD /home/ashutosh/st/stm32cubeide_1.6.1/plugins/com.st.stm32cube.ide.mcu.externaltools.gnu-tools-for-stm32.9-2020-q2-update.linux64_1.5.0.202011040924/tools/bin/../lib/gcc/arm-none-eabi/9.3.1/thumb/v7e-m/nofp/libgcc.a
LOAD /home/ashutosh/st/stm32cubeide_1.6.1/plugins/com.st.stm32cube.ide.mcu.externaltools.gnu-tools-for-stm32.9-2020-q2-update.linux64_1.5.0.202011040924/tools/bin/../lib/gcc/arm-none-eabi/9.3.1/../../../../arm-none-eabi/lib/thumb/v7e-m/nofp/libc_nano.a
END GROUP
START GROUP
LOAD /home/ashutosh/st/stm32cubeide_1.6.1/plugins/com.st.stm32cube.ide.mcu.externaltools.gnu-tools-for-stm32.9-2020-q2-update.linux64_1.5.0.202011040924/tools/bin/../lib/gcc/arm-none-eabi/9.3.1/thumb/v7e-m/nofp/libgcc.a
LOAD /home/ashutosh/st/stm32cubeide_1.6.1/plugins/com.st.stm32cube.ide.mcu.externaltools.gnu-tools-for-stm32.9-2020-q2-update.linux64_1.5.0.202011040924/tools/bin/../lib/gcc/arm-none-eabi/9.3.1/../../../../arm-none-eabi/lib/thumb/v7e-m/nofp/libc_nano.a
LOAD /home/ashutosh/st/stm32cubeide_1.6.1/plugins/com.st.stm32cube.ide.mcu.externaltools.gnu-tools-for-stm32.9-2020-q2-update.linux64_1.5.0.202011040924/tools/bin/../lib/gcc/arm-none-eabi/9.3.1/../../../../arm-none-eabi/lib/thumb/v7e-m/nofp/libnosys.a
END GROUP
START GROUP
LOAD /home/ashutosh/st/stm32cubeide_1.6.1/plugins/com.st.stm32cube.ide.mcu.externaltools.gnu-tools-for-stm32.9-2020-q2-update.linux64_1.5.0.202011040924/tools/bin/../lib/gcc/arm-none-eabi/9.3.1/thumb/v7e-m/nofp/libgcc.a
LOAD /home/ashutosh/st/stm32cubeide_1.6.1/plugins/com.st.stm32cube.ide.mcu.externaltools.gnu-tools-for-stm32.9-2020-q2-update.linux64_1.5.0.202011040924/tools/bin/../lib/gcc/arm-none-eabi/9.3.1/../../../../arm-none-eabi/lib/thumb/v7e-m/nofp/libc_nano.a
LOAD /home/ashutosh/st/stm32cubeide_1.6.1/plugins/com.st.stm32cube.ide.mcu.externaltools.gnu-tools-for-stm32.9-2020-q2-update.linux64_1.5.0.202011040924/tools/bin/../lib/gcc/arm-none-eabi/9.3.1/../../../../arm-none-eabi/lib/thumb/v7e-m/nofp/libnosys.a
END GROUP
LOAD /home/ashutosh/st/stm32cubeide_1.6.1/plugins/com.st.stm32cube.ide.mcu.externaltools.gnu-tools-for-stm32.9-2020-q2-update.linux64_1.5.0.202011040924/tools/bin/../lib/gcc/arm-none-eabi/9.3.1/thumb/v7e-m/nofp/crtend.o
LOAD /home/ashutosh/st/stm32cubeide_1.6.1/plugins/com.st.stm32cube.ide.mcu.externaltools.gnu-tools-for-stm32.9-2020-q2-update.linux64_1.5.0.202011040924/tools/bin/../lib/gcc/arm-none-eabi/9.3.1/thumb/v7e-m/nofp/crtn.o
                0x0000000020008000                _estack = (ORIGIN (RAM1) + LENGTH (RAM1))
                0x0000000000000200                _Min_Heap_Size = 0x200
                0x0000000000000400                _Min_Stack_Size = 0x400

.isr_vector     0x0000000008000000      0x138
                0x0000000008000000                . = ALIGN (0x4)
 *(.isr_vector)
 .isr_vector    0x0000000008000000      0x138 Core/Startup/startup_stm32wle5jcix.o
                0x0000000008000000                g_pfnVectors
                0x0000000008000138                . = ALIGN (0x4)

.text           0x0000000008000138     0x2f88
                0x0000000008000138                . = ALIGN (0x4)
 *(.text)
 .text          0x0000000008000138       0x40 /home/ashutosh/st/stm32cubeide_1.6.1/plugins/com.st.stm32cube.ide.mcu.externaltools.gnu-tools-for-stm32.9-2020-q2-update.linux64_1.5.0.202011040924/tools/bin/../lib/gcc/arm-none-eabi/9.3.1/thumb/v7e-m/nofp/crtbegin.o
 *(.text*)
 .text.LL_AHB2_GRP1_EnableClock
                0x0000000008000178       0x30 Core/Src/main.o
 .text.main     0x00000000080001a8       0xbc Core/Src/main.o
                0x00000000080001a8                main
 .text.SystemClock_Config
                0x0000000008000264       0xa4 Core/Src/main.o
                0x0000000008000264                SystemClock_Config
 .text.MX_I2C2_Init
                0x0000000008000308       0x7c Core/Src/main.o
 .text.MX_GPIO_Init
                0x0000000008000384       0x90 Core/Src/main.o
 .text.Error_Handler
                0x0000000008000414        0xc Core/Src/main.o
                0x0000000008000414                Error_Handler
 .text.SSD1306_Stopscroll
                0x0000000008000420       0x12 Core/Src/ssd1306.o
                0x0000000008000420                SSD1306_Stopscroll
 *fill*         0x0000000008000432        0x2 
 .text.SSD1306_Init
                0x0000000008000434      0x188 Core/Src/ssd1306.o
                0x0000000008000434                SSD1306_Init
 .text.SSD1306_UpdateScreen
                0x00000000080005bc       0x5c Core/Src/ssd1306.o
                0x00000000080005bc                SSD1306_UpdateScreen
 .text.SSD1306_Fill
                0x0000000008000618       0x30 Core/Src/ssd1306.o
                0x0000000008000618                SSD1306_Fill
 .text.SSD1306_DrawPixel
                0x0000000008000648       0xbc Core/Src/ssd1306.o
                0x0000000008000648                SSD1306_DrawPixel
 .text.SSD1306_GotoXY
                0x0000000008000704       0x2c Core/Src/ssd1306.o
                0x0000000008000704                SSD1306_GotoXY
 .text.SSD1306_Putc
                0x0000000008000730      0x100 Core/Src/ssd1306.o
                0x0000000008000730                SSD1306_Putc
 .text.SSD1306_Puts
                0x0000000008000830       0x4a Core/Src/ssd1306.o
                0x0000000008000830                SSD1306_Puts
 .text.SSD1306_Clear
                0x000000000800087a       0x12 Core/Src/ssd1306.o
                0x000000000800087a                SSD1306_Clear
 .text.ssd1306_I2C_Init
                0x000000000800088c       0x28 Core/Src/ssd1306.o
                0x000000000800088c                ssd1306_I2C_Init
 .text.ssd1306_I2C_WriteMulti
                0x00000000080008b4       0x90 Core/Src/ssd1306.o
                0x00000000080008b4                ssd1306_I2C_WriteMulti
 .text.ssd1306_I2C_Write
                0x0000000008000944       0x3c Core/Src/ssd1306.o
                0x0000000008000944                ssd1306_I2C_Write
 .text.LL_AHB2_GRP1_EnableClock
                0x0000000008000980       0x30 Core/Src/stm32wlxx_hal_msp.o
 .text.LL_APB1_GRP1_EnableClock
                0x00000000080009b0       0x30 Core/Src/stm32wlxx_hal_msp.o
 .text.HAL_MspInit
                0x00000000080009e0        0xc Core/Src/stm32wlxx_hal_msp.o
                0x00000000080009e0                HAL_MspInit
 .text.HAL_I2C_MspInit
                0x00000000080009ec       0xb8 Core/Src/stm32wlxx_hal_msp.o
                0x00000000080009ec                HAL_I2C_MspInit
 .text.NMI_Handler
                0x0000000008000aa4        0x6 Core/Src/stm32wlxx_it.o
                0x0000000008000aa4                NMI_Handler
 .text.HardFault_Handler
                0x0000000008000aaa        0x6 Core/Src/stm32wlxx_it.o
                0x0000000008000aaa                HardFault_Handler
 .text.MemManage_Handler
                0x0000000008000ab0        0x6 Core/Src/stm32wlxx_it.o
                0x0000000008000ab0                MemManage_Handler
 .text.BusFault_Handler
                0x0000000008000ab6        0x6 Core/Src/stm32wlxx_it.o
                0x0000000008000ab6                BusFault_Handler
 .text.UsageFault_Handler
                0x0000000008000abc        0x6 Core/Src/stm32wlxx_it.o
                0x0000000008000abc                UsageFault_Handler
 .text.SVC_Handler
                0x0000000008000ac2        0xc Core/Src/stm32wlxx_it.o
                0x0000000008000ac2                SVC_Handler
 .text.DebugMon_Handler
                0x0000000008000ace        0xc Core/Src/stm32wlxx_it.o
                0x0000000008000ace                DebugMon_Handler
 .text.PendSV_Handler
                0x0000000008000ada        0xc Core/Src/stm32wlxx_it.o
                0x0000000008000ada                PendSV_Handler
 .text.SysTick_Handler
                0x0000000008000ae6        0xc Core/Src/stm32wlxx_it.o
                0x0000000008000ae6                SysTick_Handler
 .text.SystemInit
                0x0000000008000af2        0xc Core/Src/system_stm32wlxx.o
                0x0000000008000af2                SystemInit
 *fill*         0x0000000008000afe        0x2 
 .text.Reset_Handler
                0x0000000008000b00       0x50 Core/Startup/startup_stm32wle5jcix.o
                0x0000000008000b00                Reset_Handler
 .text.Default_Handler
                0x0000000008000b50        0x2 Core/Startup/startup_stm32wle5jcix.o
                0x0000000008000b50                RTC_Alarm_IRQHandler
                0x0000000008000b50                EXTI2_IRQHandler
                0x0000000008000b50                TIM1_CC_IRQHandler
                0x0000000008000b50                EXTI3_IRQHandler
                0x0000000008000b50                LPTIM2_IRQHandler
                0x0000000008000b50                I2C3_ER_IRQHandler
                0x0000000008000b50                LPTIM3_IRQHandler
                0x0000000008000b50                EXTI0_IRQHandler
                0x0000000008000b50                I2C2_EV_IRQHandler
                0x0000000008000b50                TAMP_STAMP_LSECSS_SSRU_IRQHandler
                0x0000000008000b50                SPI1_IRQHandler
                0x0000000008000b50                DMA2_Channel2_IRQHandler
                0x0000000008000b50                DMA1_Channel4_IRQHandler
                0x0000000008000b50                PKA_IRQHandler
                0x0000000008000b50                TIM17_IRQHandler
                0x0000000008000b50                DMA1_Channel7_IRQHandler
                0x0000000008000b50                SUBGHZSPI_IRQHandler
                0x0000000008000b50                DMA2_Channel1_IRQHandler
                0x0000000008000b50                I2C1_EV_IRQHandler
                0x0000000008000b50                SUBGHZ_Radio_IRQHandler
                0x0000000008000b50                DMAMUX1_OVR_IRQHandler
                0x0000000008000b50                DMA1_Channel6_IRQHandler
                0x0000000008000b50                TIM16_IRQHandler
                0x0000000008000b50                DMA2_Channel4_IRQHandler
                0x0000000008000b50                RCC_IRQHandler
                0x0000000008000b50                TIM1_TRG_COM_IRQHandler
                0x0000000008000b50                DMA1_Channel1_IRQHandler
                0x0000000008000b50                Default_Handler
                0x0000000008000b50                DMA2_Channel7_IRQHandler
                0x0000000008000b50                EXTI15_10_IRQHandler
                0x0000000008000b50                ADC_IRQHandler
                0x0000000008000b50                I2C3_EV_IRQHandler
                0x0000000008000b50                EXTI9_5_IRQHandler
                0x0000000008000b50                RTC_WKUP_IRQHandler
                0x0000000008000b50                PVD_PVM_IRQHandler
                0x0000000008000b50                SPI2_IRQHandler
                0x0000000008000b50                DMA2_Channel5_IRQHandler
                0x0000000008000b50                DMA1_Channel5_IRQHandler
                0x0000000008000b50                EXTI4_IRQHandler
                0x0000000008000b50                RNG_IRQHandler
                0x0000000008000b50                DMA1_Channel3_IRQHandler
                0x0000000008000b50                COMP_IRQHandler
                0x0000000008000b50                HSEM_IRQHandler
                0x0000000008000b50                TIM1_UP_IRQHandler
                0x0000000008000b50                WWDG_IRQHandler
                0x0000000008000b50                LPUART1_IRQHandler
                0x0000000008000b50                DMA2_Channel6_IRQHandler
                0x0000000008000b50                TIM2_IRQHandler
                0x0000000008000b50                TIM1_BRK_IRQHandler
                0x0000000008000b50                DAC_IRQHandler
                0x0000000008000b50                EXTI1_IRQHandler
                0x0000000008000b50                AES_IRQHandler
                0x0000000008000b50                USART2_IRQHandler
                0x0000000008000b50                I2C2_ER_IRQHandler
                0x0000000008000b50                DMA1_Channel2_IRQHandler
                0x0000000008000b50                FLASH_IRQHandler
                0x0000000008000b50                USART1_IRQHandler
                0x0000000008000b50                I2C1_ER_IRQHandler
                0x0000000008000b50                LPTIM1_IRQHandler
                0x0000000008000b50                DMA2_Channel3_IRQHandler
 *fill*         0x0000000008000b52        0x2 
 .text.HAL_Init
                0x0000000008000b54       0x40 Drivers/STM32WLxx_HAL_Driver/stm32wlxx_hal.o
                0x0000000008000b54                HAL_Init
 .text.HAL_InitTick
                0x0000000008000b94       0x74 Drivers/STM32WLxx_HAL_Driver/stm32wlxx_hal.o
                0x0000000008000b94                HAL_InitTick
 .text.HAL_IncTick
                0x0000000008000c08       0x24 Drivers/STM32WLxx_HAL_Driver/stm32wlxx_hal.o
                0x0000000008000c08                HAL_IncTick
 .text.HAL_GetTick
                0x0000000008000c2c       0x14 Drivers/STM32WLxx_HAL_Driver/stm32wlxx_hal.o
                0x0000000008000c2c                HAL_GetTick
 .text.HAL_Delay
                0x0000000008000c40       0x48 Drivers/STM32WLxx_HAL_Driver/stm32wlxx_hal.o
                0x0000000008000c40                HAL_Delay
 .text.__NVIC_SetPriorityGrouping
                0x0000000008000c88       0x48 Drivers/STM32WLxx_HAL_Driver/stm32wlxx_hal_cortex.o
 .text.__NVIC_GetPriorityGrouping
                0x0000000008000cd0       0x1c Drivers/STM32WLxx_HAL_Driver/stm32wlxx_hal_cortex.o
 .text.__NVIC_SetPriority
                0x0000000008000cec       0x54 Drivers/STM32WLxx_HAL_Driver/stm32wlxx_hal_cortex.o
 .text.NVIC_EncodePriority
                0x0000000008000d40       0x64 Drivers/STM32WLxx_HAL_Driver/stm32wlxx_hal_cortex.o
 .text.SysTick_Config
                0x0000000008000da4       0x44 Drivers/STM32WLxx_HAL_Driver/stm32wlxx_hal_cortex.o
 .text.HAL_NVIC_SetPriorityGrouping
                0x0000000008000de8       0x16 Drivers/STM32WLxx_HAL_Driver/stm32wlxx_hal_cortex.o
                0x0000000008000de8                HAL_NVIC_SetPriorityGrouping
 .text.HAL_NVIC_SetPriority
                0x0000000008000dfe       0x34 Drivers/STM32WLxx_HAL_Driver/stm32wlxx_hal_cortex.o
                0x0000000008000dfe                HAL_NVIC_SetPriority
 .text.HAL_SYSTICK_Config
                0x0000000008000e32       0x18 Drivers/STM32WLxx_HAL_Driver/stm32wlxx_hal_cortex.o
                0x0000000008000e32                HAL_SYSTICK_Config
 *fill*         0x0000000008000e4a        0x2 
 .text.HAL_GPIO_Init
                0x0000000008000e4c      0x2c0 Drivers/STM32WLxx_HAL_Driver/stm32wlxx_hal_gpio.o
                0x0000000008000e4c                HAL_GPIO_Init
 .text.HAL_GPIO_ReadPin
                0x000000000800110c       0x2e Drivers/STM32WLxx_HAL_Driver/stm32wlxx_hal_gpio.o
                0x000000000800110c                HAL_GPIO_ReadPin
 .text.HAL_GPIO_WritePin
                0x000000000800113a       0x2e Drivers/STM32WLxx_HAL_Driver/stm32wlxx_hal_gpio.o
                0x000000000800113a                HAL_GPIO_WritePin
 .text.HAL_GPIO_TogglePin
                0x0000000008001168       0x32 Drivers/STM32WLxx_HAL_Driver/stm32wlxx_hal_gpio.o
                0x0000000008001168                HAL_GPIO_TogglePin
 .text.HAL_I2C_Init
                0x000000000800119a      0x11e Drivers/STM32WLxx_HAL_Driver/stm32wlxx_hal_i2c.o
                0x000000000800119a                HAL_I2C_Init
 .text.HAL_I2C_Master_Transmit
                0x00000000080012b8      0x1e8 Drivers/STM32WLxx_HAL_Driver/stm32wlxx_hal_i2c.o
                0x00000000080012b8                HAL_I2C_Master_Transmit
 .text.HAL_I2C_IsDeviceReady
                0x00000000080014a0      0x20e Drivers/STM32WLxx_HAL_Driver/stm32wlxx_hal_i2c.o
                0x00000000080014a0                HAL_I2C_IsDeviceReady
 .text.I2C_Flush_TXDR
                0x00000000080016ae       0x46 Drivers/STM32WLxx_HAL_Driver/stm32wlxx_hal_i2c.o
 .text.I2C_WaitOnFlagUntilTimeout
                0x00000000080016f4       0x80 Drivers/STM32WLxx_HAL_Driver/stm32wlxx_hal_i2c.o
 .text.I2C_WaitOnTXISFlagUntilTimeout
                0x0000000008001774       0x80 Drivers/STM32WLxx_HAL_Driver/stm32wlxx_hal_i2c.o
 .text.I2C_WaitOnSTOPFlagUntilTimeout
                0x00000000080017f4       0x78 Drivers/STM32WLxx_HAL_Driver/stm32wlxx_hal_i2c.o
 .text.I2C_IsAcknowledgeFailed
                0x000000000800186c       0xcc Drivers/STM32WLxx_HAL_Driver/stm32wlxx_hal_i2c.o
 .text.I2C_TransferConfig
                0x0000000008001938       0x58 Drivers/STM32WLxx_HAL_Driver/stm32wlxx_hal_i2c.o
 .text.HAL_I2CEx_ConfigAnalogFilter
                0x0000000008001990       0x94 Drivers/STM32WLxx_HAL_Driver/stm32wlxx_hal_i2c_ex.o
                0x0000000008001990                HAL_I2CEx_ConfigAnalogFilter
 .text.HAL_I2CEx_ConfigDigitalFilter
                0x0000000008001a24       0x96 Drivers/STM32WLxx_HAL_Driver/stm32wlxx_hal_i2c_ex.o
                0x0000000008001a24                HAL_I2CEx_ConfigDigitalFilter
 *fill*         0x0000000008001aba        0x2 
 .text.HAL_PWR_EnableBkUpAccess
                0x0000000008001abc       0x1c Drivers/STM32WLxx_HAL_Driver/stm32wlxx_hal_pwr.o
                0x0000000008001abc                HAL_PWR_EnableBkUpAccess
 .text.HAL_PWREx_GetVoltageRange
                0x0000000008001ad8       0x18 Drivers/STM32WLxx_HAL_Driver/stm32wlxx_hal_pwr_ex.o
                0x0000000008001ad8                HAL_PWREx_GetVoltageRange
 .text.LL_PWR_IsEnabledBkUpAccess
                0x0000000008001af0       0x24 Drivers/STM32WLxx_HAL_Driver/stm32wlxx_hal_rcc.o
 .text.LL_RCC_HSE_EnableTcxo
                0x0000000008001b14       0x1c Drivers/STM32WLxx_HAL_Driver/stm32wlxx_hal_rcc.o
 .text.LL_RCC_HSE_DisableTcxo
                0x0000000008001b30       0x1c Drivers/STM32WLxx_HAL_Driver/stm32wlxx_hal_rcc.o
 .text.LL_RCC_HSE_IsEnabledDiv2
                0x0000000008001b4c       0x22 Drivers/STM32WLxx_HAL_Driver/stm32wlxx_hal_rcc.o
 .text.LL_RCC_HSE_Enable
                0x0000000008001b6e       0x1c Drivers/STM32WLxx_HAL_Driver/stm32wlxx_hal_rcc.o
 .text.LL_RCC_HSE_Disable
                0x0000000008001b8a       0x1c Drivers/STM32WLxx_HAL_Driver/stm32wlxx_hal_rcc.o
 .text.LL_RCC_HSE_IsReady
                0x0000000008001ba6       0x22 Drivers/STM32WLxx_HAL_Driver/stm32wlxx_hal_rcc.o
 .text.LL_RCC_HSI_Enable
                0x0000000008001bc8       0x1c Drivers/STM32WLxx_HAL_Driver/stm32wlxx_hal_rcc.o
 .text.LL_RCC_HSI_Disable
                0x0000000008001be4       0x1c Drivers/STM32WLxx_HAL_Driver/stm32wlxx_hal_rcc.o
 .text.LL_RCC_HSI_IsReady
                0x0000000008001c00       0x22 Drivers/STM32WLxx_HAL_Driver/stm32wlxx_hal_rcc.o
 .text.LL_RCC_HSI_SetCalibTrimming
                0x0000000008001c22       0x28 Drivers/STM32WLxx_HAL_Driver/stm32wlxx_hal_rcc.o
 .text.LL_RCC_LSE_IsReady
                0x0000000008001c4a       0x22 Drivers/STM32WLxx_HAL_Driver/stm32wlxx_hal_rcc.o
 .text.LL_RCC_LSI_Enable
                0x0000000008001c6c       0x20 Drivers/STM32WLxx_HAL_Driver/stm32wlxx_hal_rcc.o
 .text.LL_RCC_LSI_Disable
                0x0000000008001c8c       0x20 Drivers/STM32WLxx_HAL_Driver/stm32wlxx_hal_rcc.o
 .text.LL_RCC_LSI_IsReady
                0x0000000008001cac       0x22 Drivers/STM32WLxx_HAL_Driver/stm32wlxx_hal_rcc.o
 .text.LL_RCC_MSI_Enable
                0x0000000008001cce       0x1c Drivers/STM32WLxx_HAL_Driver/stm32wlxx_hal_rcc.o
 .text.LL_RCC_MSI_Disable
                0x0000000008001cea       0x1c Drivers/STM32WLxx_HAL_Driver/stm32wlxx_hal_rcc.o
 .text.LL_RCC_MSI_IsReady
                0x0000000008001d06       0x20 Drivers/STM32WLxx_HAL_Driver/stm32wlxx_hal_rcc.o
 .text.LL_RCC_MSI_IsEnabledRangeSelect
                0x0000000008001d26       0x20 Drivers/STM32WLxx_HAL_Driver/stm32wlxx_hal_rcc.o
 .text.LL_RCC_MSI_GetRange
                0x0000000008001d46       0x16 Drivers/STM32WLxx_HAL_Driver/stm32wlxx_hal_rcc.o
 .text.LL_RCC_MSI_GetRangeAfterStandby
                0x0000000008001d5c       0x18 Drivers/STM32WLxx_HAL_Driver/stm32wlxx_hal_rcc.o
 .text.LL_RCC_MSI_SetCalibTrimming
                0x0000000008001d74       0x28 Drivers/STM32WLxx_HAL_Driver/stm32wlxx_hal_rcc.o
 .text.LL_RCC_SetSysClkSource
                0x0000000008001d9c       0x26 Drivers/STM32WLxx_HAL_Driver/stm32wlxx_hal_rcc.o
 .text.LL_RCC_GetSysClkSource
                0x0000000008001dc2       0x16 Drivers/STM32WLxx_HAL_Driver/stm32wlxx_hal_rcc.o
 .text.LL_RCC_SetAHBPrescaler
                0x0000000008001dd8       0x26 Drivers/STM32WLxx_HAL_Driver/stm32wlxx_hal_rcc.o
 .text.LL_RCC_SetAHB3Prescaler
                0x0000000008001dfe       0x2c Drivers/STM32WLxx_HAL_Driver/stm32wlxx_hal_rcc.o
 .text.LL_RCC_SetAPB1Prescaler
                0x0000000008001e2a       0x26 Drivers/STM32WLxx_HAL_Driver/stm32wlxx_hal_rcc.o
 .text.LL_RCC_SetAPB2Prescaler
                0x0000000008001e50       0x26 Drivers/STM32WLxx_HAL_Driver/stm32wlxx_hal_rcc.o
 .text.LL_RCC_GetAHBPrescaler
                0x0000000008001e76       0x16 Drivers/STM32WLxx_HAL_Driver/stm32wlxx_hal_rcc.o
 .text.LL_RCC_GetAHB3Prescaler
                0x0000000008001e8c       0x1a Drivers/STM32WLxx_HAL_Driver/stm32wlxx_hal_rcc.o
 .text.LL_RCC_PLL_Enable
                0x0000000008001ea6       0x1c Drivers/STM32WLxx_HAL_Driver/stm32wlxx_hal_rcc.o
 .text.LL_RCC_PLL_Disable
                0x0000000008001ec2       0x1c Drivers/STM32WLxx_HAL_Driver/stm32wlxx_hal_rcc.o
 .text.LL_RCC_PLL_IsReady
                0x0000000008001ede       0x22 Drivers/STM32WLxx_HAL_Driver/stm32wlxx_hal_rcc.o
 .text.LL_RCC_PLL_GetN
                0x0000000008001f00       0x18 Drivers/STM32WLxx_HAL_Driver/stm32wlxx_hal_rcc.o
 .text.LL_RCC_PLL_GetR
                0x0000000008001f18       0x16 Drivers/STM32WLxx_HAL_Driver/stm32wlxx_hal_rcc.o
 .text.LL_RCC_PLL_GetDivider
                0x0000000008001f2e       0x16 Drivers/STM32WLxx_HAL_Driver/stm32wlxx_hal_rcc.o
 .text.LL_RCC_PLL_GetMainSource
                0x0000000008001f44       0x16 Drivers/STM32WLxx_HAL_Driver/stm32wlxx_hal_rcc.o
 .text.LL_RCC_IsActiveFlag_HPRE
                0x0000000008001f5a       0x22 Drivers/STM32WLxx_HAL_Driver/stm32wlxx_hal_rcc.o
 .text.LL_RCC_IsActiveFlag_SHDHPRE
                0x0000000008001f7c       0x24 Drivers/STM32WLxx_HAL_Driver/stm32wlxx_hal_rcc.o
 .text.LL_RCC_IsActiveFlag_PPRE1
                0x0000000008001fa0       0x22 Drivers/STM32WLxx_HAL_Driver/stm32wlxx_hal_rcc.o
 .text.LL_RCC_IsActiveFlag_PPRE2
                0x0000000008001fc2       0x22 Drivers/STM32WLxx_HAL_Driver/stm32wlxx_hal_rcc.o
 .text.HAL_RCC_OscConfig
                0x0000000008001fe4      0x734 Drivers/STM32WLxx_HAL_Driver/stm32wlxx_hal_rcc.o
                0x0000000008001fe4                HAL_RCC_OscConfig
 .text.HAL_RCC_ClockConfig
                0x0000000008002718      0x248 Drivers/STM32WLxx_HAL_Driver/stm32wlxx_hal_rcc.o
                0x0000000008002718                HAL_RCC_ClockConfig
 .text.HAL_RCC_GetSysClockFreq
                0x0000000008002960      0x140 Drivers/STM32WLxx_HAL_Driver/stm32wlxx_hal_rcc.o
                0x0000000008002960                HAL_RCC_GetSysClockFreq
 .text.HAL_RCC_GetHCLKFreq
                0x0000000008002aa0       0x28 Drivers/STM32WLxx_HAL_Driver/stm32wlxx_hal_rcc.o
                0x0000000008002aa0                HAL_RCC_GetHCLKFreq
 .text.RCC_SetFlashLatencyFromMSIRange
                0x0000000008002ac8       0x60 Drivers/STM32WLxx_HAL_Driver/stm32wlxx_hal_rcc.o
 .text.RCC_SetFlashLatency
                0x0000000008002b28      0x10c Drivers/STM32WLxx_HAL_Driver/stm32wlxx_hal_rcc.o
 .text.LL_RCC_LSE_IsReady
                0x0000000008002c34       0x22 Drivers/STM32WLxx_HAL_Driver/stm32wlxx_hal_rcc_ex.o
 .text.LL_RCC_SetUSARTClockSource
                0x0000000008002c56       0x30 Drivers/STM32WLxx_HAL_Driver/stm32wlxx_hal_rcc_ex.o
 .text.LL_RCC_SetI2SClockSource
                0x0000000008002c86       0x2a Drivers/STM32WLxx_HAL_Driver/stm32wlxx_hal_rcc_ex.o
 .text.LL_RCC_SetLPUARTClockSource
                0x0000000008002cb0       0x2a Drivers/STM32WLxx_HAL_Driver/stm32wlxx_hal_rcc_ex.o
 .text.LL_RCC_SetI2CClockSource
                0x0000000008002cda       0x38 Drivers/STM32WLxx_HAL_Driver/stm32wlxx_hal_rcc_ex.o
 .text.LL_RCC_SetLPTIMClockSource
                0x0000000008002d12       0x32 Drivers/STM32WLxx_HAL_Driver/stm32wlxx_hal_rcc_ex.o
 .text.LL_RCC_SetRNGClockSource
                0x0000000008002d44       0x2a Drivers/STM32WLxx_HAL_Driver/stm32wlxx_hal_rcc_ex.o
 .text.LL_RCC_SetADCClockSource
                0x0000000008002d6e       0x2a Drivers/STM32WLxx_HAL_Driver/stm32wlxx_hal_rcc_ex.o
 .text.LL_RCC_SetRTCClockSource
                0x0000000008002d98       0x2a Drivers/STM32WLxx_HAL_Driver/stm32wlxx_hal_rcc_ex.o
 .text.LL_RCC_GetRTCClockSource
                0x0000000008002dc2       0x18 Drivers/STM32WLxx_HAL_Driver/stm32wlxx_hal_rcc_ex.o
 .text.LL_RCC_ForceBackupDomainReset
                0x0000000008002dda       0x20 Drivers/STM32WLxx_HAL_Driver/stm32wlxx_hal_rcc_ex.o
 .text.LL_RCC_ReleaseBackupDomainReset
                0x0000000008002dfa       0x20 Drivers/STM32WLxx_HAL_Driver/stm32wlxx_hal_rcc_ex.o
 *fill*         0x0000000008002e1a        0x2 
 .text.HAL_RCCEx_PeriphCLKConfig
                0x0000000008002e1c      0x234 Drivers/STM32WLxx_HAL_Driver/stm32wlxx_hal_rcc_ex.o
                0x0000000008002e1c                HAL_RCCEx_PeriphCLKConfig
 .text.__libc_init_array
                0x0000000008003050       0x48 /home/ashutosh/st/stm32cubeide_1.6.1/plugins/com.st.stm32cube.ide.mcu.externaltools.gnu-tools-for-stm32.9-2020-q2-update.linux64_1.5.0.202011040924/tools/bin/../lib/gcc/arm-none-eabi/9.3.1/../../../../arm-none-eabi/lib/thumb/v7e-m/nofp/libc_nano.a(lib_a-init.o)
                0x0000000008003050                __libc_init_array
 .text.memset   0x0000000008003098       0x10 /home/ashutosh/st/stm32cubeide_1.6.1/plugins/com.st.stm32cube.ide.mcu.externaltools.gnu-tools-for-stm32.9-2020-q2-update.linux64_1.5.0.202011040924/tools/bin/../lib/gcc/arm-none-eabi/9.3.1/../../../../arm-none-eabi/lib/thumb/v7e-m/nofp/libc_nano.a(lib_a-memset.o)
                0x0000000008003098                memset
 *(.glue_7)
 .glue_7        0x00000000080030a8        0x0 linker stubs
 *(.glue_7t)
 .glue_7t       0x00000000080030a8        0x0 linker stubs
 *(.eh_frame)
 .eh_frame      0x00000000080030a8        0x0 /home/ashutosh/st/stm32cubeide_1.6.1/plugins/com.st.stm32cube.ide.mcu.externaltools.gnu-tools-for-stm32.9-2020-q2-update.linux64_1.5.0.202011040924/tools/bin/../lib/gcc/arm-none-eabi/9.3.1/thumb/v7e-m/nofp/crtbegin.o
 *(.init)
 .init          0x00000000080030a8        0x4 /home/ashutosh/st/stm32cubeide_1.6.1/plugins/com.st.stm32cube.ide.mcu.externaltools.gnu-tools-for-stm32.9-2020-q2-update.linux64_1.5.0.202011040924/tools/bin/../lib/gcc/arm-none-eabi/9.3.1/thumb/v7e-m/nofp/crti.o
                0x00000000080030a8                _init
 .init          0x00000000080030ac        0x8 /home/ashutosh/st/stm32cubeide_1.6.1/plugins/com.st.stm32cube.ide.mcu.externaltools.gnu-tools-for-stm32.9-2020-q2-update.linux64_1.5.0.202011040924/tools/bin/../lib/gcc/arm-none-eabi/9.3.1/thumb/v7e-m/nofp/crtn.o
 *(.fini)
 .fini          0x00000000080030b4        0x4 /home/ashutosh/st/stm32cubeide_1.6.1/plugins/com.st.stm32cube.ide.mcu.externaltools.gnu-tools-for-stm32.9-2020-q2-update.linux64_1.5.0.202011040924/tools/bin/../lib/gcc/arm-none-eabi/9.3.1/thumb/v7e-m/nofp/crti.o
                0x00000000080030b4                _fini
 .fini          0x00000000080030b8        0x8 /home/ashutosh/st/stm32cubeide_1.6.1/plugins/com.st.stm32cube.ide.mcu.externaltools.gnu-tools-for-stm32.9-2020-q2-update.linux64_1.5.0.202011040924/tools/bin/../lib/gcc/arm-none-eabi/9.3.1/thumb/v7e-m/nofp/crtn.o
                0x00000000080030c0                . = ALIGN (0x4)
                0x00000000080030c0                _etext = .

.vfp11_veneer   0x00000000080030c0        0x0
 .vfp11_veneer  0x00000000080030c0        0x0 linker stubs

.v4_bx          0x00000000080030c0        0x0
 .v4_bx         0x00000000080030c0        0x0 linker stubs

.iplt           0x00000000080030c0        0x0
 .iplt          0x00000000080030c0        0x0 /home/ashutosh/st/stm32cubeide_1.6.1/plugins/com.st.stm32cube.ide.mcu.externaltools.gnu-tools-for-stm32.9-2020-q2-update.linux64_1.5.0.202011040924/tools/bin/../lib/gcc/arm-none-eabi/9.3.1/thumb/v7e-m/nofp/crtbegin.o

.rodata         0x00000000080030c0      0xe08
                0x00000000080030c0                . = ALIGN (0x4)
 *(.rodata)
 .rodata        0x00000000080030c0       0x10 Core/Src/main.o
 .rodata        0x00000000080030d0       0x1c Drivers/STM32WLxx_HAL_Driver/stm32wlxx_hal_rcc.o
 *(.rodata*)
 .rodata.Font11x18
                0x00000000080030ec      0xd5c Core/Src/fonts.o
                0x00000000080030ec                Font11x18
 .rodata.AHBPrescTable
                0x0000000008003e48       0x40 Core/Src/system_stm32wlxx.o
                0x0000000008003e48                AHBPrescTable
 .rodata.MSIRangeTable
                0x0000000008003e88       0x40 Core/Src/system_stm32wlxx.o
                0x0000000008003e88                MSIRangeTable
                0x0000000008003ec8                . = ALIGN (0x4)

.rel.dyn        0x0000000008003ec8        0x0
 .rel.iplt      0x0000000008003ec8        0x0 /home/ashutosh/st/stm32cubeide_1.6.1/plugins/com.st.stm32cube.ide.mcu.externaltools.gnu-tools-for-stm32.9-2020-q2-update.linux64_1.5.0.202011040924/tools/bin/../lib/gcc/arm-none-eabi/9.3.1/thumb/v7e-m/nofp/crtbegin.o

.ARM.extab      0x0000000008003ec8        0x0
                0x0000000008003ec8                . = ALIGN (0x4)
 *(.ARM.extab* .gnu.linkonce.armextab.*)
                0x0000000008003ec8                . = ALIGN (0x4)

.ARM            0x0000000008003ec8        0x0
                0x0000000008003ec8                . = ALIGN (0x4)
                0x0000000008003ec8                __exidx_start = .
 *(.ARM.exidx*)
                0x0000000008003ec8                __exidx_end = .
                0x0000000008003ec8                . = ALIGN (0x4)

.preinit_array  0x0000000008003ec8        0x0
                0x0000000008003ec8                . = ALIGN (0x4)
                0x0000000008003ec8                PROVIDE (__preinit_array_start = .)
 *(.preinit_array*)
                0x0000000008003ec8                PROVIDE (__preinit_array_end = .)
                0x0000000008003ec8                . = ALIGN (0x4)

.init_array     0x0000000008003ec8        0x4
                0x0000000008003ec8                . = ALIGN (0x4)
                0x0000000008003ec8                PROVIDE (__init_array_start = .)
 *(SORT_BY_NAME(.init_array.*))
 *(.init_array*)
 .init_array    0x0000000008003ec8        0x4 /home/ashutosh/st/stm32cubeide_1.6.1/plugins/com.st.stm32cube.ide.mcu.externaltools.gnu-tools-for-stm32.9-2020-q2-update.linux64_1.5.0.202011040924/tools/bin/../lib/gcc/arm-none-eabi/9.3.1/thumb/v7e-m/nofp/crtbegin.o
                0x0000000008003ecc                PROVIDE (__init_array_end = .)
                0x0000000008003ecc                . = ALIGN (0x4)

.fini_array     0x0000000008003ecc        0x4
                0x0000000008003ecc                . = ALIGN (0x4)
                [!provide]                        PROVIDE (__fini_array_start = .)
 *(SORT_BY_NAME(.fini_array.*))
 *(.fini_array*)
 .fini_array    0x0000000008003ecc        0x4 /home/ashutosh/st/stm32cubeide_1.6.1/plugins/com.st.stm32cube.ide.mcu.externaltools.gnu-tools-for-stm32.9-2020-q2-update.linux64_1.5.0.202011040924/tools/bin/../lib/gcc/arm-none-eabi/9.3.1/thumb/v7e-m/nofp/crtbegin.o
                [!provide]                        PROVIDE (__fini_array_end = .)
                0x0000000008003ed0                . = ALIGN (0x4)
                0x0000000008003ed0                _sidata = LOADADDR (.data)

.data           0x0000000020000000       0x14 load address 0x0000000008003ed0
                0x0000000020000000                . = ALIGN (0x4)
                0x0000000020000000                _sdata = .
 *(.data)
 *(.data*)
 .data.Font_11x18
                0x0000000020000000        0x8 Core/Src/fonts.o
                0x0000000020000000                Font_11x18
 .data.SystemCoreClock
                0x0000000020000008        0x4 Core/Src/system_stm32wlxx.o
                0x0000000020000008                SystemCoreClock
 .data.uwTickPrio
                0x000000002000000c        0x4 Drivers/STM32WLxx_HAL_Driver/stm32wlxx_hal.o
                0x000000002000000c                uwTickPrio
 .data.uwTickFreq
                0x0000000020000010        0x1 Drivers/STM32WLxx_HAL_Driver/stm32wlxx_hal.o
                0x0000000020000010                uwTickFreq
 *(.RamFunc)
 *(.RamFunc*)
                0x0000000020000014                . = ALIGN (0x4)
 *fill*         0x0000000020000011        0x3 
                0x0000000020000014                _edata = .

.igot.plt       0x0000000020000014        0x0 load address 0x0000000008003ee4
 .igot.plt      0x0000000020000014        0x0 /home/ashutosh/st/stm32cubeide_1.6.1/plugins/com.st.stm32cube.ide.mcu.externaltools.gnu-tools-for-stm32.9-2020-q2-update.linux64_1.5.0.202011040924/tools/bin/../lib/gcc/arm-none-eabi/9.3.1/thumb/v7e-m/nofp/crtbegin.o
                0x0000000020000014                . = ALIGN (0x4)

.bss            0x0000000020000014      0x474 load address 0x0000000008003ee4
                0x0000000020000014                _sbss = .
                0x0000000020000014                __bss_start__ = _sbss
 *(.bss)
 .bss           0x0000000020000014       0x1c /home/ashutosh/st/stm32cubeide_1.6.1/plugins/com.st.stm32cube.ide.mcu.externaltools.gnu-tools-for-stm32.9-2020-q2-update.linux64_1.5.0.202011040924/tools/bin/../lib/gcc/arm-none-eabi/9.3.1/thumb/v7e-m/nofp/crtbegin.o
 *(.bss*)
 .bss.SSD1306_Buffer
                0x0000000020000030      0x400 Core/Src/ssd1306.o
 .bss.SSD1306   0x0000000020000430        0x6 Core/Src/ssd1306.o
 *(COMMON)
 *fill*         0x0000000020000436        0x2 
 COMMON         0x0000000020000438       0x4c Core/Src/main.o
                0x0000000020000438                hi2c2
 COMMON         0x0000000020000484        0x4 Drivers/STM32WLxx_HAL_Driver/stm32wlxx_hal.o
                0x0000000020000484                uwTick
                0x0000000020000488                . = ALIGN (0x4)
                0x0000000020000488                _ebss = .
                0x0000000020000488                __bss_end__ = _ebss

._user_heap_stack
                0x0000000020000488      0x600 load address 0x0000000008003ee4
                0x0000000020000488                . = ALIGN (0x8)
                [!provide]                        PROVIDE (end = .)
                0x0000000020000488                PROVIDE (_end = .)
                0x0000000020000688                . = (. + _Min_Heap_Size)
 *fill*         0x0000000020000488      0x200 
                0x0000000020000a88                . = (. + _Min_Stack_Size)
 *fill*         0x0000000020000688      0x400 
                0x0000000020000a88                . = ALIGN (0x8)

/DISCARD/
 libc.a(*)
 libm.a(*)
 libgcc.a(*)

.ARM.attributes
                0x0000000000000000       0x2a
 *(.ARM.attributes)
 .ARM.attributes
                0x0000000000000000       0x1e /home/ashutosh/st/stm32cubeide_1.6.1/plugins/com.st.stm32cube.ide.mcu.externaltools.gnu-tools-for-stm32.9-2020-q2-update.linux64_1.5.0.202011040924/tools/bin/../lib/gcc/arm-none-eabi/9.3.1/thumb/v7e-m/nofp/crti.o
 .ARM.attributes
                0x000000000000001e       0x2e /home/ashutosh/st/stm32cubeide_1.6.1/plugins/com.st.stm32cube.ide.mcu.externaltools.gnu-tools-for-stm32.9-2020-q2-update.linux64_1.5.0.202011040924/tools/bin/../lib/gcc/arm-none-eabi/9.3.1/thumb/v7e-m/nofp/crtbegin.o
 .ARM.attributes
                0x000000000000004c       0x2e Core/Src/fonts.o
 .ARM.attributes
                0x000000000000007a       0x2e Core/Src/main.o
 .ARM.attributes
                0x00000000000000a8       0x2e Core/Src/ssd1306.o
 .ARM.attributes
                0x00000000000000d6       0x2e Core/Src/stm32wlxx_hal_msp.o
 .ARM.attributes
                0x0000000000000104       0x2e Core/Src/stm32wlxx_it.o
 .ARM.attributes
                0x0000000000000132       0x2e Core/Src/system_stm32wlxx.o
 .ARM.attributes
                0x0000000000000160       0x21 Core/Startup/startup_stm32wle5jcix.o
 .ARM.attributes
                0x0000000000000181       0x2e Drivers/STM32WLxx_HAL_Driver/stm32wlxx_hal.o
 .ARM.attributes
                0x00000000000001af       0x2e Drivers/STM32WLxx_HAL_Driver/stm32wlxx_hal_cortex.o
 .ARM.attributes
                0x00000000000001dd       0x2e Drivers/STM32WLxx_HAL_Driver/stm32wlxx_hal_gpio.o
 .ARM.attributes
                0x000000000000020b       0x2e Drivers/STM32WLxx_HAL_Driver/stm32wlxx_hal_i2c.o
 .ARM.attributes
                0x0000000000000239       0x2e Drivers/STM32WLxx_HAL_Driver/stm32wlxx_hal_i2c_ex.o
 .ARM.attributes
                0x0000000000000267       0x2e Drivers/STM32WLxx_HAL_Driver/stm32wlxx_hal_pwr.o
 .ARM.attributes
                0x0000000000000295       0x2e Drivers/STM32WLxx_HAL_Driver/stm32wlxx_hal_pwr_ex.o
 .ARM.attributes
                0x00000000000002c3       0x2e Drivers/STM32WLxx_HAL_Driver/stm32wlxx_hal_rcc.o
 .ARM.attributes
                0x00000000000002f1       0x2e Drivers/STM32WLxx_HAL_Driver/stm32wlxx_hal_rcc_ex.o
 .ARM.attributes
                0x000000000000031f       0x2e /home/ashutosh/st/stm32cubeide_1.6.1/plugins/com.st.stm32cube.ide.mcu.externaltools.gnu-tools-for-stm32.9-2020-q2-update.linux64_1.5.0.202011040924/tools/bin/../lib/gcc/arm-none-eabi/9.3.1/../../../../arm-none-eabi/lib/thumb/v7e-m/nofp/libc_nano.a(lib_a-init.o)
 .ARM.attributes
                0x000000000000034d       0x2e /home/ashutosh/st/stm32cubeide_1.6.1/plugins/com.st.stm32cube.ide.mcu.externaltools.gnu-tools-for-stm32.9-2020-q2-update.linux64_1.5.0.202011040924/tools/bin/../lib/gcc/arm-none-eabi/9.3.1/../../../../arm-none-eabi/lib/thumb/v7e-m/nofp/libc_nano.a(lib_a-memset.o)
 .ARM.attributes
                0x000000000000037b       0x1e /home/ashutosh/st/stm32cubeide_1.6.1/plugins/com.st.stm32cube.ide.mcu.externaltools.gnu-tools-for-stm32.9-2020-q2-update.linux64_1.5.0.202011040924/tools/bin/../lib/gcc/arm-none-eabi/9.3.1/thumb/v7e-m/nofp/crtn.o
OUTPUT(sample.elf elf32-littlearm)
LOAD linker stubs
LOAD /home/ashutosh/st/stm32cubeide_1.6.1/plugins/com.st.stm32cube.ide.mcu.externaltools.gnu-tools-for-stm32.9-2020-q2-update.linux64_1.5.0.202011040924/tools/bin/../lib/gcc/arm-none-eabi/9.3.1/../../../../arm-none-eabi/lib/thumb/v7e-m/nofp/libc.a
LOAD /home/ashutosh/st/stm32cubeide_1.6.1/plugins/com.st.stm32cube.ide.mcu.externaltools.gnu-tools-for-stm32.9-2020-q2-update.linux64_1.5.0.202011040924/tools/bin/../lib/gcc/arm-none-eabi/9.3.1/../../../../arm-none-eabi/lib/thumb/v7e-m/nofp/libm.a
LOAD /home/ashutosh/st/stm32cubeide_1.6.1/plugins/com.st.stm32cube.ide.mcu.externaltools.gnu-tools-for-stm32.9-2020-q2-update.linux64_1.5.0.202011040924/tools/bin/../lib/gcc/arm-none-eabi/9.3.1/thumb/v7e-m/nofp/libgcc.a

.debug_info     0x0000000000000000     0xea61
 .debug_info    0x0000000000000000      0xca6 Core/Src/fonts.o
 .debug_info    0x0000000000000ca6     0x195f Core/Src/main.o
 .debug_info    0x0000000000002605     0x1c2a Core/Src/ssd1306.o
 .debug_info    0x000000000000422f      0xdfd Core/Src/stm32wlxx_hal_msp.o
 .debug_info    0x000000000000502c      0x2f5 Core/Src/stm32wlxx_it.o
 .debug_info    0x0000000000005321      0x56e Core/Src/system_stm32wlxx.o
 .debug_info    0x000000000000588f       0x22 Core/Startup/startup_stm32wle5jcix.o
 .debug_info    0x00000000000058b1      0xfc9 Drivers/STM32WLxx_HAL_Driver/stm32wlxx_hal.o
 .debug_info    0x000000000000687a      0xf14 Drivers/STM32WLxx_HAL_Driver/stm32wlxx_hal_cortex.o
 .debug_info    0x000000000000778e      0x7fb Drivers/STM32WLxx_HAL_Driver/stm32wlxx_hal_gpio.o
 .debug_info    0x0000000000007f89     0x2399 Drivers/STM32WLxx_HAL_Driver/stm32wlxx_hal_i2c.o
 .debug_info    0x000000000000a322      0xa94 Drivers/STM32WLxx_HAL_Driver/stm32wlxx_hal_i2c_ex.o
 .debug_info    0x000000000000adb6      0x9c0 Drivers/STM32WLxx_HAL_Driver/stm32wlxx_hal_pwr.o
 .debug_info    0x000000000000b776      0xe8c Drivers/STM32WLxx_HAL_Driver/stm32wlxx_hal_pwr_ex.o
 .debug_info    0x000000000000c602     0x1315 Drivers/STM32WLxx_HAL_Driver/stm32wlxx_hal_rcc.o
 .debug_info    0x000000000000d917     0x114a Drivers/STM32WLxx_HAL_Driver/stm32wlxx_hal_rcc_ex.o

.debug_abbrev   0x0000000000000000     0x22ed
 .debug_abbrev  0x0000000000000000      0x219 Core/Src/fonts.o
 .debug_abbrev  0x0000000000000219      0x2b9 Core/Src/main.o
 .debug_abbrev  0x00000000000004d2      0x35a Core/Src/ssd1306.o
 .debug_abbrev  0x000000000000082c      0x217 Core/Src/stm32wlxx_hal_msp.o
 .debug_abbrev  0x0000000000000a43      0x103 Core/Src/stm32wlxx_it.o
 .debug_abbrev  0x0000000000000b46      0x187 Core/Src/system_stm32wlxx.o
 .debug_abbrev  0x0000000000000ccd       0x12 Core/Startup/startup_stm32wle5jcix.o
 .debug_abbrev  0x0000000000000cdf      0x2e3 Drivers/STM32WLxx_HAL_Driver/stm32wlxx_hal.o
 .debug_abbrev  0x0000000000000fc2      0x2fb Drivers/STM32WLxx_HAL_Driver/stm32wlxx_hal_cortex.o
 .debug_abbrev  0x00000000000012bd      0x1ff Drivers/STM32WLxx_HAL_Driver/stm32wlxx_hal_gpio.o
 .debug_abbrev  0x00000000000014bc      0x267 Drivers/STM32WLxx_HAL_Driver/stm32wlxx_hal_i2c.o
 .debug_abbrev  0x0000000000001723      0x1e3 Drivers/STM32WLxx_HAL_Driver/stm32wlxx_hal_i2c_ex.o
 .debug_abbrev  0x0000000000001906      0x1e5 Drivers/STM32WLxx_HAL_Driver/stm32wlxx_hal_pwr.o
 .debug_abbrev  0x0000000000001aeb      0x2cd Drivers/STM32WLxx_HAL_Driver/stm32wlxx_hal_pwr_ex.o
 .debug_abbrev  0x0000000000001db8      0x28f Drivers/STM32WLxx_HAL_Driver/stm32wlxx_hal_rcc.o
 .debug_abbrev  0x0000000000002047      0x2a6 Drivers/STM32WLxx_HAL_Driver/stm32wlxx_hal_rcc_ex.o

.debug_aranges  0x0000000000000000      0xf70
 .debug_aranges
                0x0000000000000000       0x20 Core/Src/fonts.o
 .debug_aranges
                0x0000000000000020       0x48 Core/Src/main.o
 .debug_aranges
                0x0000000000000068       0xf8 Core/Src/ssd1306.o
 .debug_aranges
                0x0000000000000160       0x48 Core/Src/stm32wlxx_hal_msp.o
 .debug_aranges
                0x00000000000001a8       0x60 Core/Src/stm32wlxx_it.o
 .debug_aranges
                0x0000000000000208       0x28 Core/Src/system_stm32wlxx.o
 .debug_aranges
                0x0000000000000230       0x28 Core/Startup/startup_stm32wle5jcix.o
 .debug_aranges
                0x0000000000000258      0x210 Drivers/STM32WLxx_HAL_Driver/stm32wlxx_hal.o
 .debug_aranges
                0x0000000000000468      0x118 Drivers/STM32WLxx_HAL_Driver/stm32wlxx_hal_cortex.o
 .debug_aranges
                0x0000000000000580       0x58 Drivers/STM32WLxx_HAL_Driver/stm32wlxx_hal_gpio.o
 .debug_aranges
                0x00000000000005d8      0x290 Drivers/STM32WLxx_HAL_Driver/stm32wlxx_hal_i2c.o
 .debug_aranges
                0x0000000000000868       0x48 Drivers/STM32WLxx_HAL_Driver/stm32wlxx_hal_i2c_ex.o
 .debug_aranges
                0x00000000000008b0       0xc8 Drivers/STM32WLxx_HAL_Driver/stm32wlxx_hal_pwr.o
 .debug_aranges
                0x0000000000000978      0x1d0 Drivers/STM32WLxx_HAL_Driver/stm32wlxx_hal_pwr_ex.o
 .debug_aranges
                0x0000000000000b48      0x230 Drivers/STM32WLxx_HAL_Driver/stm32wlxx_hal_rcc.o
 .debug_aranges
                0x0000000000000d78      0x1f8 Drivers/STM32WLxx_HAL_Driver/stm32wlxx_hal_rcc_ex.o

.debug_ranges   0x0000000000000000      0xe78
 .debug_ranges  0x0000000000000000       0x10 Core/Src/fonts.o
 .debug_ranges  0x0000000000000010       0x38 Core/Src/main.o
 .debug_ranges  0x0000000000000048       0xe8 Core/Src/ssd1306.o
 .debug_ranges  0x0000000000000130       0x38 Core/Src/stm32wlxx_hal_msp.o
 .debug_ranges  0x0000000000000168       0x50 Core/Src/stm32wlxx_it.o
 .debug_ranges  0x00000000000001b8       0x18 Core/Src/system_stm32wlxx.o
 .debug_ranges  0x00000000000001d0       0x20 Core/Startup/startup_stm32wle5jcix.o
 .debug_ranges  0x00000000000001f0      0x200 Drivers/STM32WLxx_HAL_Driver/stm32wlxx_hal.o
 .debug_ranges  0x00000000000003f0      0x108 Drivers/STM32WLxx_HAL_Driver/stm32wlxx_hal_cortex.o
 .debug_ranges  0x00000000000004f8       0x48 Drivers/STM32WLxx_HAL_Driver/stm32wlxx_hal_gpio.o
 .debug_ranges  0x0000000000000540      0x280 Drivers/STM32WLxx_HAL_Driver/stm32wlxx_hal_i2c.o
 .debug_ranges  0x00000000000007c0       0x38 Drivers/STM32WLxx_HAL_Driver/stm32wlxx_hal_i2c_ex.o
 .debug_ranges  0x00000000000007f8       0xb8 Drivers/STM32WLxx_HAL_Driver/stm32wlxx_hal_pwr.o
 .debug_ranges  0x00000000000008b0      0x1c0 Drivers/STM32WLxx_HAL_Driver/stm32wlxx_hal_pwr_ex.o
 .debug_ranges  0x0000000000000a70      0x220 Drivers/STM32WLxx_HAL_Driver/stm32wlxx_hal_rcc.o
 .debug_ranges  0x0000000000000c90      0x1e8 Drivers/STM32WLxx_HAL_Driver/stm32wlxx_hal_rcc_ex.o

.debug_macro    0x0000000000000000    0x1951e
 .debug_macro   0x0000000000000000      0x2e2 Core/Src/fonts.o
 .debug_macro   0x00000000000002e2      0xaa2 Core/Src/fonts.o
 .debug_macro   0x0000000000000d84      0x11e Core/Src/fonts.o
 .debug_macro   0x0000000000000ea2       0x2e Core/Src/fonts.o
 .debug_macro   0x0000000000000ed0       0x34 Core/Src/fonts.o
 .debug_macro   0x0000000000000f04       0x22 Core/Src/fonts.o
 .debug_macro   0x0000000000000f26       0x8e Core/Src/fonts.o
 .debug_macro   0x0000000000000fb4       0x51 Core/Src/fonts.o
 .debug_macro   0x0000000000001005      0x103 Core/Src/fonts.o
 .debug_macro   0x0000000000001108       0x6a Core/Src/fonts.o
 .debug_macro   0x0000000000001172      0x1df Core/Src/fonts.o
 .debug_macro   0x0000000000001351       0x1c Core/Src/fonts.o
 .debug_macro   0x000000000000136d       0x22 Core/Src/fonts.o
 .debug_macro   0x000000000000138f      0x101 Core/Src/fonts.o
 .debug_macro   0x0000000000001490     0x1011 Core/Src/fonts.o
 .debug_macro   0x00000000000024a1      0x11f Core/Src/fonts.o
 .debug_macro   0x00000000000025c0     0xcc15 Core/Src/fonts.o
 .debug_macro   0x000000000000f1d5       0x43 Core/Src/fonts.o
 .debug_macro   0x000000000000f218     0x33d5 Core/Src/fonts.o
 .debug_macro   0x00000000000125ed      0x174 Core/Src/fonts.o
 .debug_macro   0x0000000000012761       0x5c Core/Src/fonts.o
 .debug_macro   0x00000000000127bd      0x417 Core/Src/fonts.o
 .debug_macro   0x0000000000012bd4      0x280 Core/Src/fonts.o
 .debug_macro   0x0000000000012e54      0x330 Core/Src/fonts.o
 .debug_macro   0x0000000000013184      0x197 Core/Src/fonts.o
 .debug_macro   0x000000000001331b       0x43 Core/Src/fonts.o
 .debug_macro   0x000000000001335e      0x23d Core/Src/fonts.o
 .debug_macro   0x000000000001359b      0x22b Core/Src/fonts.o
 .debug_macro   0x00000000000137c6      0x352 Core/Src/fonts.o
 .debug_macro   0x0000000000013b18       0x2e Core/Src/fonts.o
 .debug_macro   0x0000000000013b46       0xc1 Core/Src/fonts.o
 .debug_macro   0x0000000000013c07      0x137 Core/Src/fonts.o
 .debug_macro   0x0000000000013d3e       0xe7 Core/Src/fonts.o
 .debug_macro   0x0000000000013e25      0x22c Core/Src/fonts.o
 .debug_macro   0x0000000000014051       0x52 Core/Src/fonts.o
 .debug_macro   0x00000000000140a3       0xa5 Core/Src/fonts.o
 .debug_macro   0x0000000000014148      0x25f Core/Src/fonts.o
 .debug_macro   0x00000000000143a7      0x133 Core/Src/fonts.o
 .debug_macro   0x00000000000144da      0x33f Core/Src/fonts.o
 .debug_macro   0x0000000000014819      0x67c Core/Src/fonts.o
 .debug_macro   0x0000000000014e95      0x113 Core/Src/fonts.o
 .debug_macro   0x0000000000014fa8      0xf2d Core/Src/fonts.o
 .debug_macro   0x0000000000015ed5      0x115 Core/Src/fonts.o
 .debug_macro   0x0000000000015fea      0x2d5 Core/Src/fonts.o
 .debug_macro   0x00000000000162bf      0x269 Core/Src/fonts.o
 .debug_macro   0x0000000000016528      0x27d Core/Src/fonts.o
 .debug_macro   0x00000000000167a5       0x52 Core/Src/fonts.o
 .debug_macro   0x00000000000167f7       0x18 Core/Src/fonts.o
 .debug_macro   0x000000000001680f       0x3c Core/Src/fonts.o
 .debug_macro   0x000000000001684b       0x34 Core/Src/fonts.o
 .debug_macro   0x000000000001687f       0x16 Core/Src/fonts.o
 .debug_macro   0x0000000000016895       0x43 Core/Src/fonts.o
 .debug_macro   0x00000000000168d8       0x34 Core/Src/fonts.o
 .debug_macro   0x000000000001690c       0x10 Core/Src/fonts.o
 .debug_macro   0x000000000001691c       0x58 Core/Src/fonts.o
 .debug_macro   0x0000000000016974       0x71 Core/Src/fonts.o
 .debug_macro   0x00000000000169e5       0x1c Core/Src/fonts.o
 .debug_macro   0x0000000000016a01      0x12a Core/Src/fonts.o
 .debug_macro   0x0000000000016b2b      0x333 Core/Src/fonts.o
 .debug_macro   0x0000000000016e5e       0x10 Core/Src/fonts.o
 .debug_macro   0x0000000000016e6e       0x35 Core/Src/fonts.o
 .debug_macro   0x0000000000016ea3       0x20 Core/Src/fonts.o
 .debug_macro   0x0000000000016ec3      0x403 Core/Src/main.o
 .debug_macro   0x00000000000172c6       0x4c Core/Src/main.o
 .debug_macro   0x0000000000017312       0x16 Core/Src/main.o
 .debug_macro   0x0000000000017328       0x16 Core/Src/main.o
 .debug_macro   0x000000000001733e       0x29 Core/Src/main.o
 .debug_macro   0x0000000000017367       0x1d Core/Src/main.o
 .debug_macro   0x0000000000017384       0x1c Core/Src/main.o
 .debug_macro   0x00000000000173a0       0x10 Core/Src/main.o
 .debug_macro   0x00000000000173b0       0x10 Core/Src/main.o
 .debug_macro   0x00000000000173c0       0x1c Core/Src/main.o
 .debug_macro   0x00000000000173dc       0x52 Core/Src/main.o
 .debug_macro   0x000000000001742e       0x22 Core/Src/main.o
 .debug_macro   0x0000000000017450       0x10 Core/Src/main.o
 .debug_macro   0x0000000000017460       0x40 Core/Src/main.o
 .debug_macro   0x00000000000174a0       0xd5 Core/Src/main.o
 .debug_macro   0x0000000000017575       0x1c Core/Src/main.o
 .debug_macro   0x0000000000017591       0x3d Core/Src/main.o
 .debug_macro   0x00000000000175ce       0x16 Core/Src/main.o
 .debug_macro   0x00000000000175e4      0x145 Core/Src/main.o
 .debug_macro   0x0000000000017729      0x36d Core/Src/ssd1306.o
 .debug_macro   0x0000000000017a96      0x219 Core/Src/stm32wlxx_hal_msp.o
 .debug_macro   0x0000000000017caf      0x223 Core/Src/stm32wlxx_it.o
 .debug_macro   0x0000000000017ed2      0x20a Core/Src/system_stm32wlxx.o
 .debug_macro   0x00000000000180dc      0x22e Drivers/STM32WLxx_HAL_Driver/stm32wlxx_hal.o
 .debug_macro   0x000000000001830a      0x20a Drivers/STM32WLxx_HAL_Driver/stm32wlxx_hal_cortex.o
 .debug_macro   0x0000000000018514      0x23d Drivers/STM32WLxx_HAL_Driver/stm32wlxx_hal_gpio.o
 .debug_macro   0x0000000000018751      0x2cf Drivers/STM32WLxx_HAL_Driver/stm32wlxx_hal_i2c.o
 .debug_macro   0x0000000000018a20      0x20a Drivers/STM32WLxx_HAL_Driver/stm32wlxx_hal_i2c_ex.o
 .debug_macro   0x0000000000018c2a      0x258 Drivers/STM32WLxx_HAL_Driver/stm32wlxx_hal_pwr.o
 .debug_macro   0x0000000000018e82      0x21c Drivers/STM32WLxx_HAL_Driver/stm32wlxx_hal_pwr_ex.o
 .debug_macro   0x000000000001909e      0x264 Drivers/STM32WLxx_HAL_Driver/stm32wlxx_hal_rcc.o
 .debug_macro   0x0000000000019302      0x21c Drivers/STM32WLxx_HAL_Driver/stm32wlxx_hal_rcc_ex.o

.debug_line     0x0000000000000000     0xf052
 .debug_line    0x0000000000000000      0x97a Core/Src/fonts.o
 .debug_line    0x000000000000097a      0xba6 Core/Src/main.o
 .debug_line    0x0000000000001520     0x114d Core/Src/ssd1306.o
 .debug_line    0x000000000000266d      0x8e2 Core/Src/stm32wlxx_hal_msp.o
 .debug_line    0x0000000000002f4f      0x8d5 Core/Src/stm32wlxx_it.o
 .debug_line    0x0000000000003824      0x8a4 Core/Src/system_stm32wlxx.o
 .debug_line    0x00000000000040c8       0x89 Core/Startup/startup_stm32wle5jcix.o
 .debug_line    0x0000000000004151      0xf43 Drivers/STM32WLxx_HAL_Driver/stm32wlxx_hal.o
 .debug_line    0x0000000000005094      0xdde Drivers/STM32WLxx_HAL_Driver/stm32wlxx_hal_cortex.o
 .debug_line    0x0000000000005e72      0xc39 Drivers/STM32WLxx_HAL_Driver/stm32wlxx_hal_gpio.o
 .debug_line    0x0000000000006aab     0x340b Drivers/STM32WLxx_HAL_Driver/stm32wlxx_hal_i2c.o
 .debug_line    0x0000000000009eb6      0xa66 Drivers/STM32WLxx_HAL_Driver/stm32wlxx_hal_i2c_ex.o
 .debug_line    0x000000000000a91c      0xad7 Drivers/STM32WLxx_HAL_Driver/stm32wlxx_hal_pwr.o
 .debug_line    0x000000000000b3f3      0xf11 Drivers/STM32WLxx_HAL_Driver/stm32wlxx_hal_pwr_ex.o
 .debug_line    0x000000000000c304     0x1824 Drivers/STM32WLxx_HAL_Driver/stm32wlxx_hal_rcc.o
 .debug_line    0x000000000000db28     0x152a Drivers/STM32WLxx_HAL_Driver/stm32wlxx_hal_rcc_ex.o

.debug_str      0x0000000000000000    0x9a64e
 .debug_str     0x0000000000000000    0x947ab Core/Src/fonts.o
                                      0x94edd (size before relaxing)
 .debug_str     0x00000000000947ab     0x1ab1 Core/Src/main.o
                                      0x96988 (size before relaxing)
 .debug_str     0x000000000009625c      0x528 Core/Src/ssd1306.o
                                      0x95a7a (size before relaxing)
 .debug_str     0x0000000000096784      0x1c9 Core/Src/stm32wlxx_hal_msp.o
                                      0x92649 (size before relaxing)
 .debug_str     0x000000000009694d       0xbd Core/Src/stm32wlxx_it.o
                                      0x91dcf (size before relaxing)
 .debug_str     0x0000000000096a0a       0x64 Core/Src/system_stm32wlxx.o
                                      0x91db8 (size before relaxing)
 .debug_str     0x0000000000096a6e       0x36 Core/Startup/startup_stm32wle5jcix.o
                                         0x72 (size before relaxing)
 .debug_str     0x0000000000096aa4      0xb54 Drivers/STM32WLxx_HAL_Driver/stm32wlxx_hal.o
                                      0x929e8 (size before relaxing)
 .debug_str     0x00000000000975f8      0x415 Drivers/STM32WLxx_HAL_Driver/stm32wlxx_hal_cortex.o
                                      0x92588 (size before relaxing)
 .debug_str     0x0000000000097a0d      0x254 Drivers/STM32WLxx_HAL_Driver/stm32wlxx_hal_gpio.o
                                      0x91f9c (size before relaxing)
 .debug_str     0x0000000000097c61      0xe75 Drivers/STM32WLxx_HAL_Driver/stm32wlxx_hal_i2c.o
                                      0x93060 (size before relaxing)
 .debug_str     0x0000000000098ad6       0xf0 Drivers/STM32WLxx_HAL_Driver/stm32wlxx_hal_i2c_ex.o
                                      0x9231f (size before relaxing)
 .debug_str     0x0000000000098bc6      0x499 Drivers/STM32WLxx_HAL_Driver/stm32wlxx_hal_pwr.o
                                      0x9220e (size before relaxing)
 .debug_str     0x000000000009905f      0x6e0 Drivers/STM32WLxx_HAL_Driver/stm32wlxx_hal_pwr_ex.o
                                      0x925aa (size before relaxing)
 .debug_str     0x000000000009973f      0x966 Drivers/STM32WLxx_HAL_Driver/stm32wlxx_hal_rcc.o
                                      0x929a5 (size before relaxing)
 .debug_str     0x000000000009a0a5      0x5a9 Drivers/STM32WLxx_HAL_Driver/stm32wlxx_hal_rcc_ex.o
                                      0x92795 (size before relaxing)

.comment        0x0000000000000000       0x53
 .comment       0x0000000000000000       0x53 Core/Src/fonts.o
                                         0x54 (size before relaxing)
 .comment       0x0000000000000053       0x54 Core/Src/main.o
 .comment       0x0000000000000053       0x54 Core/Src/ssd1306.o
 .comment       0x0000000000000053       0x54 Core/Src/stm32wlxx_hal_msp.o
 .comment       0x0000000000000053       0x54 Core/Src/stm32wlxx_it.o
 .comment       0x0000000000000053       0x54 Core/Src/system_stm32wlxx.o
 .comment       0x0000000000000053       0x54 Drivers/STM32WLxx_HAL_Driver/stm32wlxx_hal.o
 .comment       0x0000000000000053       0x54 Drivers/STM32WLxx_HAL_Driver/stm32wlxx_hal_cortex.o
 .comment       0x0000000000000053       0x54 Drivers/STM32WLxx_HAL_Driver/stm32wlxx_hal_gpio.o
 .comment       0x0000000000000053       0x54 Drivers/STM32WLxx_HAL_Driver/stm32wlxx_hal_i2c.o
 .comment       0x0000000000000053       0x54 Drivers/STM32WLxx_HAL_Driver/stm32wlxx_hal_i2c_ex.o
 .comment       0x0000000000000053       0x54 Drivers/STM32WLxx_HAL_Driver/stm32wlxx_hal_pwr.o
 .comment       0x0000000000000053       0x54 Drivers/STM32WLxx_HAL_Driver/stm32wlxx_hal_pwr_ex.o
 .comment       0x0000000000000053       0x54 Drivers/STM32WLxx_HAL_Driver/stm32wlxx_hal_rcc.o
 .comment       0x0000000000000053       0x54 Drivers/STM32WLxx_HAL_Driver/stm32wlxx_hal_rcc_ex.o

.debug_frame    0x0000000000000000     0x3ef8
 .debug_frame   0x0000000000000000       0x38 Core/Src/fonts.o
 .debug_frame   0x0000000000000038       0xdc Core/Src/main.o
 .debug_frame   0x0000000000000114      0x414 Core/Src/ssd1306.o
 .debug_frame   0x0000000000000528       0xf0 Core/Src/stm32wlxx_hal_msp.o
 .debug_frame   0x0000000000000618      0x104 Core/Src/stm32wlxx_it.o
 .debug_frame   0x000000000000071c       0x58 Core/Src/system_stm32wlxx.o
 .debug_frame   0x0000000000000774      0x860 Drivers/STM32WLxx_HAL_Driver/stm32wlxx_hal.o
 .debug_frame   0x0000000000000fd4      0x498 Drivers/STM32WLxx_HAL_Driver/stm32wlxx_hal_cortex.o
 .debug_frame   0x000000000000146c      0x14c Drivers/STM32WLxx_HAL_Driver/stm32wlxx_hal_gpio.o
 .debug_frame   0x00000000000015b8      0xbe8 Drivers/STM32WLxx_HAL_Driver/stm32wlxx_hal_i2c.o
 .debug_frame   0x00000000000021a0      0x100 Drivers/STM32WLxx_HAL_Driver/stm32wlxx_hal_i2c_ex.o
 .debug_frame   0x00000000000022a0      0x31c Drivers/STM32WLxx_HAL_Driver/stm32wlxx_hal_pwr.o
 .debug_frame   0x00000000000025bc      0x7cc Drivers/STM32WLxx_HAL_Driver/stm32wlxx_hal_pwr_ex.o
 .debug_frame   0x0000000000002d88      0x8ec Drivers/STM32WLxx_HAL_Driver/stm32wlxx_hal_rcc.o
 .debug_frame   0x0000000000003674      0x838 Drivers/STM32WLxx_HAL_Driver/stm32wlxx_hal_rcc_ex.o
 .debug_frame   0x0000000000003eac       0x2c /home/ashutosh/st/stm32cubeide_1.6.1/plugins/com.st.stm32cube.ide.mcu.externaltools.gnu-tools-for-stm32.9-2020-q2-update.linux64_1.5.0.202011040924/tools/bin/../lib/gcc/arm-none-eabi/9.3.1/../../../../arm-none-eabi/lib/thumb/v7e-m/nofp/libc_nano.a(lib_a-init.o)
 .debug_frame   0x0000000000003ed8       0x20 /home/ashutosh/st/stm32cubeide_1.6.1/plugins/com.st.stm32cube.ide.mcu.externaltools.gnu-tools-for-stm32.9-2020-q2-update.linux64_1.5.0.202011040924/tools/bin/../lib/gcc/arm-none-eabi/9.3.1/../../../../arm-none-eabi/lib/thumb/v7e-m/nofp/libc_nano.a(lib_a-memset.o)
