ssd1306.c:243:6:SSD1306_ToggleInvert	0	static
ssd1306.c:255:6:SSD1306_Fill	0	static
ssd1306.c:260:6:SSD1306_DrawPixel	12	static
ssd1306.c:134:6:SSD1306_DrawBitmap	64	static
ssd1306.c:282:6:SSD1306_GotoXY	0	static
ssd1306.c:288:6:SSD1306_Putc	48	static
ssd1306.c:319:6:SSD1306_Puts	16	static
ssd1306.c:337:6:SSD1306_DrawLine	56	static
ssd1306.c:421:6:SSD1306_DrawRectangle	32	static
ssd1306.c:446:6:SSD1306_DrawFilledRectangle	40	static
ssd1306.c:473:6:SSD1306_DrawTriangle	40	static
ssd1306.c:481:6:SSD1306_DrawFilledTriangle	80	static
ssd1306.c:537:6:SSD1306_DrawCircle	56	static
ssd1306.c:571:6:SSD1306_DrawFilledCircle	64	static
ssd1306.c:630:6:ssd1306_I2C_Init	0	static
ssd1306.c:642:6:ssd1306_I2C_WriteMulti	280	static
ssd1306.c:652:6:ssd1306_I2C_Write	24	static
ssd1306.c:60:6:SSD1306_ScrollRight	16	static
ssd1306.c:73:6:SSD1306_ScrollLeft	16	static
ssd1306.c:86:6:SSD1306_Scrolldiagright	16	static
ssd1306.c:102:6:SSD1306_Scrolldiagleft	16	static
ssd1306.c:118:6:SSD1306_Stopscroll	0	static
ssd1306.c:125:6:SSD1306_InvertDisplay	0	static
ssd1306.c:230:6:SSD1306_UpdateScreen	16	static
ssd1306.c:604:6:SSD1306_Clear	8	static
ssd1306.c:164:9:SSD1306_Init	8	static
ssd1306.c:609:6:SSD1306_ON	8	static
ssd1306.c:614:6:SSD1306_OFF	8	static
